
> helioslauncher@2.2.1 dist:win
> npm run dist -- -w


> helioslauncher@2.2.1 dist
> electron-builder build -w

  ÔÇó electron-builder  version=26.4.0 os=10.0.26200
  ÔÇó loaded configuration  file=C:\Users\Administrateur\Desktop\Autre\microvision-modpack\microvision-modpack\HeliosLauncher\electron-builder.yml
  ÔÇó executing @electron/rebuild  electronVersion=39.2.7 arch=x64 buildFromSource=false workspaceRoot=C:\Users\Administrateur\Desktop\Autre\microvision-modpack\microvision-modpack\HeliosLauncher projectDir=./ appDir=./
  ÔÇó installing native dependencies  arch=x64
  ÔÇó completed installing native dependencies
  ÔÇó packaging       platform=win32 arch=x64 electron=39.2.7 appOutDir=dist\win-unpacked
  ÔÇó updating asar integrity executable resource  executablePath=dist\win-unpacked\Helios Launcher.exe
  ÔÇó signing with signtool.exe  path=dist\win-unpacked\Helios Launcher.exe
  ÔÇó building        target=nsis file=dist\Helios Launcher-setup-2.2.1.exe archs=x64 oneClick=false perMachine=false
  ÔÇó signing with signtool.exe  path=dist\win-unpacked\resources\elevate.exe
  ÔÇó signing with signtool.exe  path=dist\Helios Launcher-setup-2.2.1.__uninstaller.exe
  ÔÇó signing with signtool.exe  path=dist\Helios Launcher-setup-2.2.1.exe
  ÔÇó building block map  blockMapFile=dist\Helios Launcher-setup-2.2.1.exe.blockmap
