
> helioslauncher@2.2.1 dist:win
> npm run dist -- -w


> helioslauncher@2.2.1 dist
> electron-builder build -w

  ÔÇó electron-builder  version=26.4.0 os=10.0.26200
  ÔÇó loaded configuration  file=C:\Users\Administrateur\Desktop\Autre\microvision-modpack\microvision-modpack\HeliosLauncher\electron-builder.yml
  Ô¿» Invalid configuration object. electron-builder 26.4.0 has been initialized using a configuration object that does not match the API schema.
 - configuration has an unknown property 'generateUpdatesFilesForAllArches'. These properties are valid:
   object { afterAllArtifactBuild?, afterExtract?, afterPack?, afterSign?, apk?, appId?, appImage?, appx?, appxManifestCreated?, artifactBuildCompleted?, artifactBuildStarted?, artifactName?, asar?, asarUnpack?, beforeBuild?, beforePack?, buildDependenciesFromSource?, buildNumber?, buildVersion?, compression?, concurrency?, copyright?, cscKeyPassword?, cscLink?, deb?, defaultArch?, detectUpdateChannel?, directories?, disableDefaultIgnoredFiles?, disableSanityCheckAsar?, dmg?, downloadAlternateFFmpeg?, electronBranding?, electronCompile?, electronDist?, electronDownload?, electronFuses?, electronLanguages?, electronUpdaterCompatibility?, electronVersion?, executableName?, extends?, extraFiles?, extraMetadata?, extraResources?, fileAssociations?, files?, flatpak?, forceCodeSigning?, framework?, freebsd?, generateUpdatesFilesForAllChannels?, icon?, includePdb?, launchUiVersion?, linux?, mac?, mas?, masDev?, msi?, msiProjectCreated?, msiWrapped?, nativeRebuilder?, nodeGypRebuild?, nodeVersion?, npmArgs?, npmRebuild?, nsis?, nsisWeb?, onNodeModuleFile?, p5p?, pacman?, pkg?, portable?, productName?, protocols?, publish?, releaseInfo?, removePackageKeywords?, removePackageScripts?, rpm?, snap?, squirrelWindows?, target?, win?, $schema? }
     How to fix:
     1. Open https://www.electron.build/configuration
     2. Search the option name on the page (or type in into Search to find across the docs).
       * Not found? The option was deprecated or not exists (check spelling).
       * Found? Check that the option in the appropriate place. e.g. "title" only in the "dmg", not in the root.
  failedTask=build stackTrace=ValidationError: Invalid configuration object. electron-builder 26.4.0 has been initialized using a configuration object that does not match the API schema.
 - configuration has an unknown property 'generateUpdatesFilesForAllArches'. These properties are valid:
   object { afterAllArtifactBuild?, afterExtract?, afterPack?, afterSign?, apk?, appId?, appImage?, appx?, appxManifestCreated?, artifactBuildCompleted?, artifactBuildStarted?, artifactName?, asar?, asarUnpack?, beforeBuild?, beforePack?, buildDependenciesFromSource?, buildNumber?, buildVersion?, compression?, concurrency?, copyright?, cscKeyPassword?, cscLink?, deb?, defaultArch?, detectUpdateChannel?, directories?, disableDefaultIgnoredFiles?, disableSanityCheckAsar?, dmg?, downloadAlternateFFmpeg?, electronBranding?, electronCompile?, electronDist?, electronDownload?, electronFuses?, electronLanguages?, electronUpdaterCompatibility?, electronVersion?, executableName?, extends?, extraFiles?, extraMetadata?, extraResources?, fileAssociations?, files?, flatpak?, forceCodeSigning?, framework?, freebsd?, generateUpdatesFilesForAllChannels?, icon?, includePdb?, launchUiVersion?, linux?, mac?, mas?, masDev?, msi?, msiProjectCreated?, msiWrapped?, nativeRebuilder?, nodeGypRebuild?, nodeVersion?, npmArgs?, npmRebuild?, nsis?, nsisWeb?, onNodeModuleFile?, p5p?, pacman?, pkg?, portable?, productName?, protocols?, publish?, releaseInfo?, removePackageKeywords?, removePackageScripts?, rpm?, snap?, squirrelWindows?, target?, win?, $schema? }
     How to fix:
     1. Open https://www.electron.build/configuration
     2. Search the option name on the page (or type in into Search to find across the docs).
       * Not found? The option was deprecated or not exists (check spelling).
       * Found? Check that the option in the appropriate place. e.g. "title" only in the "dmg", not in the root.
                                                                                                                                                                                                                                                                                                                                                                                                                                                                                                                                                                                                                                                                                                                                                                                                                                                                                                                                                                                                                                                                                                                                                                                                                                                                                                                                                                                                                                                                                                                                                                                                                                                                                                                                                                                                                                                                                                                                       at validate (C:\Users\Administrateur\Desktop\Autre\microvision-modpack\microvision-modpack\HeliosLauncher\node_modules\@develar\schema-utils\dist\validate.js:86:11)
    at validateConfiguration (C:\Users\Administrateur\Desktop\Autre\microvision-modpack\microvision-modpack\HeliosLauncher\node_modules\app-builder-lib\src\util\config\config.ts:239:3)
    at Packager.validateConfig (C:\Users\Administrateur\Desktop\Autre\microvision-modpack\microvision-modpack\HeliosLauncher\node_modules\app-builder-lib\src\packager.ts:398:5)
    at Packager.build (C:\Users\Administrateur\Desktop\Autre\microvision-modpack\microvision-modpack\HeliosLauncher\node_modules\app-builder-lib\src\packager.ts:406:5)
    at executeFinally (C:\Users\Administrateur\Desktop\Autre\microvision-modpack\microvision-modpack\HeliosLauncher\node_modules\builder-util\src\promise.ts:12:14)

> helioslauncher@2.2.1 dist:win
> npm run dist -- -w


> helioslauncher@2.2.1 dist
> electron-builder build -w

  ÔÇó electron-builder  version=26.4.0 os=10.0.26200
  ÔÇó loaded configuration  file=C:\Users\Administrateur\Desktop\Autre\microvision-modpack\microvision-modpack\HeliosLauncher\electron-builder.yml
  ÔÇó executing @electron/rebuild  electronVersion=39.2.7 arch=x64 buildFromSource=false workspaceRoot=C:\Users\Administrateur\Desktop\Autre\microvision-modpack\microvision-modpack\HeliosLauncher projectDir=./ appDir=./
  ÔÇó installing native dependencies  arch=x64
  ÔÇó completed installing native dependencies
  ÔÇó packaging       platform=win32 arch=x64 electron=39.2.7 appOutDir=dist\win-unpacked
  ÔÇó updating asar integrity executable resource  executablePath=dist\win-unpacked\MicroVision Launcher.exe
  ÔÇó signing with signtool.exe  path=dist\win-unpacked\MicroVision Launcher.exe
  ÔÇó building        target=nsis file=dist\MicroVision Launcher-setup-2.2.1.exe archs=x64 oneClick=false perMachine=false
  ÔÇó signing with signtool.exe  path=dist\win-unpacked\resources\elevate.exe
  ÔÇó signing with signtool.exe  path=dist\MicroVision Launcher-setup-2.2.1.__uninstaller.exe
  ÔÇó signing with signtool.exe  path=dist\MicroVision Launcher-setup-2.2.1.exe
  ÔÇó building block map  blockMapFile=dist\MicroVision Launcher-setup-2.2.1.exe.blockmap
